Step 0  Score 0  IN CAVE
 4 | .  .  .  G 
 3 | .  P  .  . 
 2 | .  P  W  P 
 1 | >  .  .  . 
      1  2  3  4
Percept [None]
Agent: goal-based
----------------------------------------
Action: TurnLeft
Step 1  Score -1.0  IN CAVE
 4 | .  .  .  G 
 3 | .  P  .  . 
 2 | .  P  W  P 
 1 | ^  .  .  . 
      1  2  3  4
Percept [None]
Reward -1  (ok)
----------------------------------------
Action: Forward
Step 2  Score -2.0  IN CAVE
 4 | .  .  .  G 
 3 | .  P  .  . 
 2 | ^  P  W  P 
 1 | .  .  .  . 
      1  2  3  4
Percept [Breeze]
Reward -1  (moved)
----------------------------------------
Action: TurnLeft
Step 3  Score -3.0  IN CAVE
 4 | .  .  .  G 
 3 | .  P  .  . 
 2 | <  P  W  P 
 1 | .  .  .  . 
      1  2  3  4
Percept [Breeze]
Reward -1  (ok)
----------------------------------------
Action: TurnLeft
Step 4  Score -4.0  IN CAVE
 4 | .  .  .  G 
 3 | .  P  .  . 
 2 | v  P  W  P 
 1 | .  .  .  . 
      1  2  3  4
Percept [Breeze]
Reward -1  (ok)
----------------------------------------
Action: Forward
Step 5  Score -5.0  IN CAVE
 4 | .  .  .  G 
 3 | .  P  .  . 
 2 | .  P  W  P 
 1 | v  .  .  . 
      1  2  3  4
Percept [None]
Reward -1  (moved)
----------------------------------------
Action: TurnLeft
Step 6  Score -6.0  IN CAVE
 4 | .  .  .  G 
 3 | .  P  .  . 
 2 | .  P  W  P 
 1 | >  .  .  . 
      1  2  3  4
Percept [None]
Reward -1  (ok)
----------------------------------------
Action: Forward
Step 7  Score -7.0  IN CAVE
 4 | .  .  .  G 
 3 | .  P  .  . 
 2 | .  P  W  P 
 1 | .  >  .  . 
      1  2  3  4
Percept [Breeze]
Reward -1  (moved)
----------------------------------------
Action: TurnLeft
Step 8  Score -8.0  IN CAVE
 4 | .  .  .  G 
 3 | .  P  .  . 
 2 | .  P  W  P 
 1 | .  ^  .  . 
      1  2  3  4
Percept [Breeze]
Reward -1  (ok)
----------------------------------------
Action: TurnLeft
Step 9  Score -9.0  IN CAVE
 4 | .  .  .  G 
 3 | .  P  .  . 
 2 | .  P  W  P 
 1 | .  <  .  . 
      1  2  3  4
Percept [Breeze]
Reward -1  (ok)
----------------------------------------
Action: TurnLeft
Step 10  Score -10.0  IN CAVE
 4 | .  .  .  G 
 3 | .  P  .  . 
 2 | .  P  W  P 
 1 | .  v  .  . 
      1  2  3  4
Percept [Breeze]
Reward -1  (ok)
----------------------------------------
Action: TurnLeft
Step 11  Score -11.0  IN CAVE
 4 | .  .  .  G 
 3 | .  P  .  . 
 2 | .  P  W  P 
 1 | .  >  .  . 
      1  2  3  4
Percept [Breeze]
Reward -1  (ok)
----------------------------------------
Action: TurnLeft
Step 12  Score -12.0  IN CAVE
 4 | .  .  .  G 
 3 | .  P  .  . 
 2 | .  P  W  P 
 1 | .  ^  .  . 
      1  2  3  4
Percept [Breeze]
Reward -1  (ok)
----------------------------------------
Action: TurnLeft
Step 13  Score -13.0  IN CAVE
 4 | .  .  .  G 
 3 | .  P  .  . 
 2 | .  P  W  P 
 1 | .  <  .  . 
      1  2  3  4
Percept [Breeze]
Reward -1  (ok)
----------------------------------------
Action: TurnLeft
Step 14  Score -14.0  IN CAVE
 4 | .  .  .  G 
 3 | .  P  .  . 
 2 | .  P  W  P 
 1 | .  v  .  . 
      1  2  3  4
Percept [Breeze]
Reward -1  (ok)
----------------------------------------
Action: TurnLeft
Step 15  Score -15.0  IN CAVE
 4 | .  .  .  G 
 3 | .  P  .  . 
 2 | .  P  W  P 
 1 | .  >  .  . 
      1  2  3  4
Percept [Breeze]
Reward -1  (ok)
----------------------------------------
Action: TurnLeft
Step 16  Score -16.0  IN CAVE
 4 | .  .  .  G 
 3 | .  P  .  . 
 2 | .  P  W  P 
 1 | .  ^  .  . 
      1  2  3  4
Percept [Breeze]
Reward -1  (ok)
----------------------------------------
Action: TurnLeft
Step 17  Score -17.0  IN CAVE
 4 | .  .  .  G 
 3 | .  P  .  . 
 2 | .  P  W  P 
 1 | .  <  .  . 
      1  2  3  4
Percept [Breeze]
Reward -1  (ok)
----------------------------------------
Action: TurnLeft
Step 18  Score -18.0  IN CAVE
 4 | .  .  .  G 
 3 | .  P  .  . 
 2 | .  P  W  P 
 1 | .  v  .  . 
      1  2  3  4
Percept [Breeze]
Reward -1  (ok)
----------------------------------------
Action: TurnLeft
Step 19  Score -19.0  IN CAVE
 4 | .  .  .  G 
 3 | .  P  .  . 
 2 | .  P  W  P 
 1 | .  >  .  . 
      1  2  3  4
Percept [Breeze]
Reward -1  (ok)
----------------------------------------
Action: TurnLeft
Step 20  Score -20.0  IN CAVE
 4 | .  .  .  G 
 3 | .  P  .  . 
 2 | .  P  W  P 
 1 | .  ^  .  . 
      1  2  3  4
Percept [Breeze]
Reward -1  (ok)
----------------------------------------
Action: TurnLeft
Step 21  Score -21.0  IN CAVE
 4 | .  .  .  G 
 3 | .  P  .  . 
 2 | .  P  W  P 
 1 | .  <  .  . 
      1  2  3  4
Percept [Breeze]
Reward -1  (ok)
----------------------------------------
Action: TurnLeft
Step 22  Score -22.0  IN CAVE
 4 | .  .  .  G 
 3 | .  P  .  . 
 2 | .  P  W  P 
 1 | .  v  .  . 
      1  2  3  4
Percept [Breeze]
Reward -1  (ok)
----------------------------------------
Action: TurnLeft
Step 23  Score -23.0  IN CAVE
 4 | .  .  .  G 
 3 | .  P  .  . 
 2 | .  P  W  P 
 1 | .  >  .  . 
      1  2  3  4
Percept [Breeze]
Reward -1  (ok)
----------------------------------------
Action: TurnLeft
Step 24  Score -24.0  IN CAVE
 4 | .  .  .  G 
 3 | .  P  .  . 
 2 | .  P  W  P 
 1 | .  ^  .  . 
      1  2  3  4
Percept [Breeze]
Reward -1  (ok)
----------------------------------------
Action: TurnLeft
Step 25  Score -25.0  IN CAVE
 4 | .  .  .  G 
 3 | .  P  .  . 
 2 | .  P  W  P 
 1 | .  <  .  . 
      1  2  3  4
Percept [Breeze]
Reward -1  (ok)
----------------------------------------
Action: TurnLeft
Step 26  Score -26.0  IN CAVE
 4 | .  .  .  G 
 3 | .  P  .  . 
 2 | .  P  W  P 
 1 | .  v  .  . 
      1  2  3  4
Percept [Breeze]
Reward -1  (ok)
----------------------------------------
Action: TurnLeft
Step 27  Score -27.0  IN CAVE
 4 | .  .  .  G 
 3 | .  P  .  . 
 2 | .  P  W  P 
 1 | .  >  .  . 
      1  2  3  4
Percept [Breeze]
Reward -1  (ok)
----------------------------------------
Action: TurnLeft
Step 28  Score -28.0  IN CAVE
 4 | .  .  .  G 
 3 | .  P  .  . 
 2 | .  P  W  P 
 1 | .  ^  .  . 
      1  2  3  4
Percept [Breeze]
Reward -1  (ok)
----------------------------------------
Action: TurnLeft
Step 29  Score -29.0  IN CAVE
 4 | .  .  .  G 
 3 | .  P  .  . 
 2 | .  P  W  P 
 1 | .  <  .  . 
      1  2  3  4
Percept [Breeze]
Reward -1  (ok)
----------------------------------------
Action: TurnLeft
Step 30  Score -30.0  IN CAVE
 4 | .  .  .  G 
 3 | .  P  .  . 
 2 | .  P  W  P 
 1 | .  v  .  . 
      1  2  3  4
Percept [Breeze]
Reward -1  (ok)
----------------------------------------
Action: TurnLeft
Step 31  Score -31.0  IN CAVE
 4 | .  .  .  G 
 3 | .  P  .  . 
 2 | .  P  W  P 
 1 | .  >  .  . 
      1  2  3  4
Percept [Breeze]
Reward -1  (ok)
----------------------------------------
Action: TurnLeft
Step 32  Score -32.0  IN CAVE
 4 | .  .  .  G 
 3 | .  P  .  . 
 2 | .  P  W  P 
 1 | .  ^  .  . 
      1  2  3  4
Percept [Breeze]
Reward -1  (ok)
----------------------------------------
Action: TurnLeft
Step 33  Score -33.0  IN CAVE
 4 | .  .  .  G 
 3 | .  P  .  . 
 2 | .  P  W  P 
 1 | .  <  .  . 
      1  2  3  4
Percept [Breeze]
Reward -1  (ok)
----------------------------------------
Action: TurnLeft
Step 34  Score -34.0  IN CAVE
 4 | .  .  .  G 
 3 | .  P  .  . 
 2 | .  P  W  P 
 1 | .  v  .  . 
      1  2  3  4
Percept [Breeze]
Reward -1  (ok)
----------------------------------------
Action: TurnLeft
Step 35  Score -35.0  IN CAVE
 4 | .  .  .  G 
 3 | .  P  .  . 
 2 | .  P  W  P 
 1 | .  >  .  . 
      1  2  3  4
Percept [Breeze]
Reward -1  (ok)
----------------------------------------
Action: TurnLeft
Step 36  Score -36.0  IN CAVE
 4 | .  .  .  G 
 3 | .  P  .  . 
 2 | .  P  W  P 
 1 | .  ^  .  . 
      1  2  3  4
Percept [Breeze]
Reward -1  (ok)
----------------------------------------
Action: TurnLeft
Step 37  Score -37.0  IN CAVE
 4 | .  .  .  G 
 3 | .  P  .  . 
 2 | .  P  W  P 
 1 | .  <  .  . 
      1  2  3  4
Percept [Breeze]
Reward -1  (ok)
----------------------------------------
Action: TurnLeft
Step 38  Score -38.0  IN CAVE
 4 | .  .  .  G 
 3 | .  P  .  . 
 2 | .  P  W  P 
 1 | .  v  .  . 
      1  2  3  4
Percept [Breeze]
Reward -1  (ok)
----------------------------------------
Action: TurnLeft
Step 39  Score -39.0  IN CAVE
 4 | .  .  .  G 
 3 | .  P  .  . 
 2 | .  P  W  P 
 1 | .  >  .  . 
      1  2  3  4
Percept [Breeze]
Reward -1  (ok)
----------------------------------------
Action: TurnLeft
Step 40  Score -40.0  IN CAVE
 4 | .  .  .  G 
 3 | .  P  .  . 
 2 | .  P  W  P 
 1 | .  ^  .  . 
      1  2  3  4
Percept [Breeze]
Reward -1  (ok)
----------------------------------------
Action: TurnLeft
Step 41  Score -41.0  IN CAVE
 4 | .  .  .  G 
 3 | .  P  .  . 
 2 | .  P  W  P 
 1 | .  <  .  . 
      1  2  3  4
Percept [Breeze]
Reward -1  (ok)
----------------------------------------
Action: TurnLeft
Step 42  Score -42.0  IN CAVE
 4 | .  .  .  G 
 3 | .  P  .  . 
 2 | .  P  W  P 
 1 | .  v  .  . 
      1  2  3  4
Percept [Breeze]
Reward -1  (ok)
----------------------------------------
Action: TurnLeft
Step 43  Score -43.0  IN CAVE
 4 | .  .  .  G 
 3 | .  P  .  . 
 2 | .  P  W  P 
 1 | .  >  .  . 
      1  2  3  4
Percept [Breeze]
Reward -1  (ok)
----------------------------------------
Action: TurnLeft
Step 44  Score -44.0  IN CAVE
 4 | .  .  .  G 
 3 | .  P  .  . 
 2 | .  P  W  P 
 1 | .  ^  .  . 
      1  2  3  4
Percept [Breeze]
Reward -1  (ok)
----------------------------------------
Action: TurnLeft
Step 45  Score -45.0  IN CAVE
 4 | .  .  .  G 
 3 | .  P  .  . 
 2 | .  P  W  P 
 1 | .  <  .  . 
      1  2  3  4
Percept [Breeze]
Reward -1  (ok)
----------------------------------------
Action: TurnLeft
Step 46  Score -46.0  IN CAVE
 4 | .  .  .  G 
 3 | .  P  .  . 
 2 | .  P  W  P 
 1 | .  v  .  . 
      1  2  3  4
Percept [Breeze]
Reward -1  (ok)
----------------------------------------
Action: TurnLeft
Step 47  Score -47.0  IN CAVE
 4 | .  .  .  G 
 3 | .  P  .  . 
 2 | .  P  W  P 
 1 | .  >  .  . 
      1  2  3  4
Percept [Breeze]
Reward -1  (ok)
----------------------------------------
Action: TurnLeft
Step 48  Score -48.0  IN CAVE
 4 | .  .  .  G 
 3 | .  P  .  . 
 2 | .  P  W  P 
 1 | .  ^  .  . 
      1  2  3  4
Percept [Breeze]
Reward -1  (ok)
----------------------------------------
Action: TurnLeft
Step 49  Score -49.0  IN CAVE
 4 | .  .  .  G 
 3 | .  P  .  . 
 2 | .  P  W  P 
 1 | .  <  .  . 
      1  2  3  4
Percept [Breeze]
Reward -1  (ok)
----------------------------------------
Action: TurnLeft
Step 50  Score -50.0  IN CAVE
 4 | .  .  .  G 
 3 | .  P  .  . 
 2 | .  P  W  P 
 1 | .  v  .  . 
      1  2  3  4
Percept [Breeze]
Reward -1  (ok)
----------------------------------------
Action: TurnLeft
Step 51  Score -51.0  IN CAVE
 4 | .  .  .  G 
 3 | .  P  .  . 
 2 | .  P  W  P 
 1 | .  >  .  . 
      1  2  3  4
Percept [Breeze]
Reward -1  (ok)
----------------------------------------
Action: TurnLeft
Step 52  Score -52.0  IN CAVE
 4 | .  .  .  G 
 3 | .  P  .  . 
 2 | .  P  W  P 
 1 | .  ^  .  . 
      1  2  3  4
Percept [Breeze]
Reward -1  (ok)
----------------------------------------
Action: TurnLeft
Step 53  Score -53.0  IN CAVE
 4 | .  .  .  G 
 3 | .  P  .  . 
 2 | .  P  W  P 
 1 | .  <  .  . 
      1  2  3  4
Percept [Breeze]
Reward -1  (ok)
----------------------------------------
Action: TurnLeft
Step 54  Score -54.0  IN CAVE
 4 | .  .  .  G 
 3 | .  P  .  . 
 2 | .  P  W  P 
 1 | .  v  .  . 
      1  2  3  4
Percept [Breeze]
Reward -1  (ok)
----------------------------------------
Action: TurnLeft
Step 55  Score -55.0  IN CAVE
 4 | .  .  .  G 
 3 | .  P  .  . 
 2 | .  P  W  P 
 1 | .  >  .  . 
      1  2  3  4
Percept [Breeze]
Reward -1  (ok)
----------------------------------------
Action: TurnLeft
Step 56  Score -56.0  IN CAVE
 4 | .  .  .  G 
 3 | .  P  .  . 
 2 | .  P  W  P 
 1 | .  ^  .  . 
      1  2  3  4
Percept [Breeze]
Reward -1  (ok)
----------------------------------------
Action: TurnLeft
Step 57  Score -57.0  IN CAVE
 4 | .  .  .  G 
 3 | .  P  .  . 
 2 | .  P  W  P 
 1 | .  <  .  . 
      1  2  3  4
Percept [Breeze]
Reward -1  (ok)
----------------------------------------
Action: TurnLeft
Step 58  Score -58.0  IN CAVE
 4 | .  .  .  G 
 3 | .  P  .  . 
 2 | .  P  W  P 
 1 | .  v  .  . 
      1  2  3  4
Percept [Breeze]
Reward -1  (ok)
----------------------------------------
Action: TurnLeft
Step 59  Score -59.0  IN CAVE
 4 | .  .  .  G 
 3 | .  P  .  . 
 2 | .  P  W  P 
 1 | .  >  .  . 
      1  2  3  4
Percept [Breeze]
Reward -1  (ok)
----------------------------------------
Action: TurnLeft
Step 60  Score -60.0  IN CAVE
 4 | .  .  .  G 
 3 | .  P  .  . 
 2 | .  P  W  P 
 1 | .  ^  .  . 
      1  2  3  4
Percept [Breeze]
Reward -1  (ok)
----------------------------------------
Action: TurnLeft
Step 61  Score -61.0  IN CAVE
 4 | .  .  .  G 
 3 | .  P  .  . 
 2 | .  P  W  P 
 1 | .  <  .  . 
      1  2  3  4
Percept [Breeze]
Reward -1  (ok)
----------------------------------------
Action: TurnLeft
Step 62  Score -62.0  IN CAVE
 4 | .  .  .  G 
 3 | .  P  .  . 
 2 | .  P  W  P 
 1 | .  v  .  . 
      1  2  3  4
Percept [Breeze]
Reward -1  (ok)
----------------------------------------
Action: TurnLeft
Step 63  Score -63.0  IN CAVE
 4 | .  .  .  G 
 3 | .  P  .  . 
 2 | .  P  W  P 
 1 | .  >  .  . 
      1  2  3  4
Percept [Breeze]
Reward -1  (ok)
----------------------------------------
Action: TurnLeft
Step 64  Score -64.0  IN CAVE
 4 | .  .  .  G 
 3 | .  P  .  . 
 2 | .  P  W  P 
 1 | .  ^  .  . 
      1  2  3  4
Percept [Breeze]
Reward -1  (ok)
----------------------------------------
Action: TurnLeft
Step 65  Score -65.0  IN CAVE
 4 | .  .  .  G 
 3 | .  P  .  . 
 2 | .  P  W  P 
 1 | .  <  .  . 
      1  2  3  4
Percept [Breeze]
Reward -1  (ok)
----------------------------------------
Action: TurnLeft
Step 66  Score -66.0  IN CAVE
 4 | .  .  .  G 
 3 | .  P  .  . 
 2 | .  P  W  P 
 1 | .  v  .  . 
      1  2  3  4
Percept [Breeze]
Reward -1  (ok)
----------------------------------------
Action: TurnLeft
Step 67  Score -67.0  IN CAVE
 4 | .  .  .  G 
 3 | .  P  .  . 
 2 | .  P  W  P 
 1 | .  >  .  . 
      1  2  3  4
Percept [Breeze]
Reward -1  (ok)
----------------------------------------
Action: TurnLeft
Step 68  Score -68.0  IN CAVE
 4 | .  .  .  G 
 3 | .  P  .  . 
 2 | .  P  W  P 
 1 | .  ^  .  . 
      1  2  3  4
Percept [Breeze]
Reward -1  (ok)
----------------------------------------
Action: TurnLeft
Step 69  Score -69.0  IN CAVE
 4 | .  .  .  G 
 3 | .  P  .  . 
 2 | .  P  W  P 
 1 | .  <  .  . 
      1  2  3  4
Percept [Breeze]
Reward -1  (ok)
----------------------------------------
Action: TurnLeft
Step 70  Score -70.0  IN CAVE
 4 | .  .  .  G 
 3 | .  P  .  . 
 2 | .  P  W  P 
 1 | .  v  .  . 
      1  2  3  4
Percept [Breeze]
Reward -1  (ok)
----------------------------------------
Action: TurnLeft
Step 71  Score -71.0  IN CAVE
 4 | .  .  .  G 
 3 | .  P  .  . 
 2 | .  P  W  P 
 1 | .  >  .  . 
      1  2  3  4
Percept [Breeze]
Reward -1  (ok)
----------------------------------------
Action: TurnLeft
Step 72  Score -72.0  IN CAVE
 4 | .  .  .  G 
 3 | .  P  .  . 
 2 | .  P  W  P 
 1 | .  ^  .  . 
      1  2  3  4
Percept [Breeze]
Reward -1  (ok)
----------------------------------------
Action: TurnLeft
Step 73  Score -73.0  IN CAVE
 4 | .  .  .  G 
 3 | .  P  .  . 
 2 | .  P  W  P 
 1 | .  <  .  . 
      1  2  3  4
Percept [Breeze]
Reward -1  (ok)
----------------------------------------
Action: TurnLeft
Step 74  Score -74.0  IN CAVE
 4 | .  .  .  G 
 3 | .  P  .  . 
 2 | .  P  W  P 
 1 | .  v  .  . 
      1  2  3  4
Percept [Breeze]
Reward -1  (ok)
----------------------------------------
Action: TurnLeft
Step 75  Score -75.0  IN CAVE
 4 | .  .  .  G 
 3 | .  P  .  . 
 2 | .  P  W  P 
 1 | .  >  .  . 
      1  2  3  4
Percept [Breeze]
Reward -1  (ok)
----------------------------------------
Action: TurnLeft
Step 76  Score -76.0  IN CAVE
 4 | .  .  .  G 
 3 | .  P  .  . 
 2 | .  P  W  P 
 1 | .  ^  .  . 
      1  2  3  4
Percept [Breeze]
Reward -1  (ok)
----------------------------------------
Action: TurnLeft
Step 77  Score -77.0  IN CAVE
 4 | .  .  .  G 
 3 | .  P  .  . 
 2 | .  P  W  P 
 1 | .  <  .  . 
      1  2  3  4
Percept [Breeze]
Reward -1  (ok)
----------------------------------------
Action: TurnLeft
Step 78  Score -78.0  IN CAVE
 4 | .  .  .  G 
 3 | .  P  .  . 
 2 | .  P  W  P 
 1 | .  v  .  . 
      1  2  3  4
Percept [Breeze]
Reward -1  (ok)
----------------------------------------
Action: TurnLeft
Step 79  Score -79.0  IN CAVE
 4 | .  .  .  G 
 3 | .  P  .  . 
 2 | .  P  W  P 
 1 | .  >  .  . 
      1  2  3  4
Percept [Breeze]
Reward -1  (ok)
----------------------------------------
Action: TurnLeft
Step 80  Score -80.0  IN CAVE
 4 | .  .  .  G 
 3 | .  P  .  . 
 2 | .  P  W  P 
 1 | .  ^  .  . 
      1  2  3  4
Percept [Breeze]
Reward -1  (ok)
----------------------------------------
Action: TurnLeft
Step 81  Score -81.0  IN CAVE
 4 | .  .  .  G 
 3 | .  P  .  . 
 2 | .  P  W  P 
 1 | .  <  .  . 
      1  2  3  4
Percept [Breeze]
Reward -1  (ok)
----------------------------------------
Action: TurnLeft
Step 82  Score -82.0  IN CAVE
 4 | .  .  .  G 
 3 | .  P  .  . 
 2 | .  P  W  P 
 1 | .  v  .  . 
      1  2  3  4
Percept [Breeze]
Reward -1  (ok)
----------------------------------------
Action: TurnLeft
Step 83  Score -83.0  IN CAVE
 4 | .  .  .  G 
 3 | .  P  .  . 
 2 | .  P  W  P 
 1 | .  >  .  . 
      1  2  3  4
Percept [Breeze]
Reward -1  (ok)
----------------------------------------
Action: TurnLeft
Step 84  Score -84.0  IN CAVE
 4 | .  .  .  G 
 3 | .  P  .  . 
 2 | .  P  W  P 
 1 | .  ^  .  . 
      1  2  3  4
Percept [Breeze]
Reward -1  (ok)
----------------------------------------
Action: TurnLeft
Step 85  Score -85.0  IN CAVE
 4 | .  .  .  G 
 3 | .  P  .  . 
 2 | .  P  W  P 
 1 | .  <  .  . 
      1  2  3  4
Percept [Breeze]
Reward -1  (ok)
----------------------------------------
Action: TurnLeft
Step 86  Score -86.0  IN CAVE
 4 | .  .  .  G 
 3 | .  P  .  . 
 2 | .  P  W  P 
 1 | .  v  .  . 
      1  2  3  4
Percept [Breeze]
Reward -1  (ok)
----------------------------------------
Action: TurnLeft
Step 87  Score -87.0  IN CAVE
 4 | .  .  .  G 
 3 | .  P  .  . 
 2 | .  P  W  P 
 1 | .  >  .  . 
      1  2  3  4
Percept [Breeze]
Reward -1  (ok)
----------------------------------------
Action: TurnLeft
Step 88  Score -88.0  IN CAVE
 4 | .  .  .  G 
 3 | .  P  .  . 
 2 | .  P  W  P 
 1 | .  ^  .  . 
      1  2  3  4
Percept [Breeze]
Reward -1  (ok)
----------------------------------------
Action: TurnLeft
Step 89  Score -89.0  IN CAVE
 4 | .  .  .  G 
 3 | .  P  .  . 
 2 | .  P  W  P 
 1 | .  <  .  . 
      1  2  3  4
Percept [Breeze]
Reward -1  (ok)
----------------------------------------
Action: TurnLeft
Step 90  Score -90.0  IN CAVE
 4 | .  .  .  G 
 3 | .  P  .  . 
 2 | .  P  W  P 
 1 | .  v  .  . 
      1  2  3  4
Percept [Breeze]
Reward -1  (ok)
----------------------------------------
Action: TurnLeft
Step 91  Score -91.0  IN CAVE
 4 | .  .  .  G 
 3 | .  P  .  . 
 2 | .  P  W  P 
 1 | .  >  .  . 
      1  2  3  4
Percept [Breeze]
Reward -1  (ok)
----------------------------------------
Action: TurnLeft
Step 92  Score -92.0  IN CAVE
 4 | .  .  .  G 
 3 | .  P  .  . 
 2 | .  P  W  P 
 1 | .  ^  .  . 
      1  2  3  4
Percept [Breeze]
Reward -1  (ok)
----------------------------------------
Action: TurnLeft
Step 93  Score -93.0  IN CAVE
 4 | .  .  .  G 
 3 | .  P  .  . 
 2 | .  P  W  P 
 1 | .  <  .  . 
      1  2  3  4
Percept [Breeze]
Reward -1  (ok)
----------------------------------------
Action: TurnLeft
Step 94  Score -94.0  IN CAVE
 4 | .  .  .  G 
 3 | .  P  .  . 
 2 | .  P  W  P 
 1 | .  v  .  . 
      1  2  3  4
Percept [Breeze]
Reward -1  (ok)
----------------------------------------
Action: TurnLeft
Step 95  Score -95.0  IN CAVE
 4 | .  .  .  G 
 3 | .  P  .  . 
 2 | .  P  W  P 
 1 | .  >  .  . 
      1  2  3  4
Percept [Breeze]
Reward -1  (ok)
----------------------------------------
Action: TurnLeft
Step 96  Score -96.0  IN CAVE
 4 | .  .  .  G 
 3 | .  P  .  . 
 2 | .  P  W  P 
 1 | .  ^  .  . 
      1  2  3  4
Percept [Breeze]
Reward -1  (ok)
----------------------------------------
Action: TurnLeft
Step 97  Score -97.0  IN CAVE
 4 | .  .  .  G 
 3 | .  P  .  . 
 2 | .  P  W  P 
 1 | .  <  .  . 
      1  2  3  4
Percept [Breeze]
Reward -1  (ok)
----------------------------------------
Action: TurnLeft
Step 98  Score -98.0  IN CAVE
 4 | .  .  .  G 
 3 | .  P  .  . 
 2 | .  P  W  P 
 1 | .  v  .  . 
      1  2  3  4
Percept [Breeze]
Reward -1  (ok)
----------------------------------------
Action: TurnLeft
Step 99  Score -99.0  IN CAVE
 4 | .  .  .  G 
 3 | .  P  .  . 
 2 | .  P  W  P 
 1 | .  >  .  . 
      1  2  3  4
Percept [Breeze]
Reward -1  (ok)
----------------------------------------
Action: TurnLeft
Step 100  Score -100.0  IN CAVE
 4 | .  .  .  G 
 3 | .  P  .  . 
 2 | .  P  W  P 
 1 | .  ^  .  . 
      1  2  3  4
Percept [Breeze]
Reward -1  (ok)
----------------------------------------
Action: TurnLeft
Step 101  Score -101.0  IN CAVE
 4 | .  .  .  G 
 3 | .  P  .  . 
 2 | .  P  W  P 
 1 | .  <  .  . 
      1  2  3  4
Percept [Breeze]
Reward -1  (ok)
----------------------------------------
Action: TurnLeft
Step 102  Score -102.0  IN CAVE
 4 | .  .  .  G 
 3 | .  P  .  . 
 2 | .  P  W  P 
 1 | .  v  .  . 
      1  2  3  4
Percept [Breeze]
Reward -1  (ok)
----------------------------------------
Action: TurnLeft
Step 103  Score -103.0  IN CAVE
 4 | .  .  .  G 
 3 | .  P  .  . 
 2 | .  P  W  P 
 1 | .  >  .  . 
      1  2  3  4
Percept [Breeze]
Reward -1  (ok)
----------------------------------------
Action: TurnLeft
Step 104  Score -104.0  IN CAVE
 4 | .  .  .  G 
 3 | .  P  .  . 
 2 | .  P  W  P 
 1 | .  ^  .  . 
      1  2  3  4
Percept [Breeze]
Reward -1  (ok)
----------------------------------------
Action: TurnLeft
Step 105  Score -105.0  IN CAVE
 4 | .  .  .  G 
 3 | .  P  .  . 
 2 | .  P  W  P 
 1 | .  <  .  . 
      1  2  3  4
Percept [Breeze]
Reward -1  (ok)
----------------------------------------
Action: TurnLeft
Step 106  Score -106.0  IN CAVE
 4 | .  .  .  G 
 3 | .  P  .  . 
 2 | .  P  W  P 
 1 | .  v  .  . 
      1  2  3  4
Percept [Breeze]
Reward -1  (ok)
----------------------------------------
Action: TurnLeft
Step 107  Score -107.0  IN CAVE
 4 | .  .  .  G 
 3 | .  P  .  . 
 2 | .  P  W  P 
 1 | .  >  .  . 
      1  2  3  4
Percept [Breeze]
Reward -1  (ok)
----------------------------------------
Action: TurnLeft
Step 108  Score -108.0  IN CAVE
 4 | .  .  .  G 
 3 | .  P  .  . 
 2 | .  P  W  P 
 1 | .  ^  .  . 
      1  2  3  4
Percept [Breeze]
Reward -1  (ok)
----------------------------------------
Action: TurnLeft
Step 109  Score -109.0  IN CAVE
 4 | .  .  .  G 
 3 | .  P  .  . 
 2 | .  P  W  P 
 1 | .  <  .  . 
      1  2  3  4
Percept [Breeze]
Reward -1  (ok)
----------------------------------------
Action: TurnLeft
Step 110  Score -110.0  IN CAVE
 4 | .  .  .  G 
 3 | .  P  .  . 
 2 | .  P  W  P 
 1 | .  v  .  . 
      1  2  3  4
Percept [Breeze]
Reward -1  (ok)
----------------------------------------
Action: TurnLeft
Step 111  Score -111.0  IN CAVE
 4 | .  .  .  G 
 3 | .  P  .  . 
 2 | .  P  W  P 
 1 | .  >  .  . 
      1  2  3  4
Percept [Breeze]
Reward -1  (ok)
----------------------------------------
Action: TurnLeft
Step 112  Score -112.0  IN CAVE
 4 | .  .  .  G 
 3 | .  P  .  . 
 2 | .  P  W  P 
 1 | .  ^  .  . 
      1  2  3  4
Percept [Breeze]
Reward -1  (ok)
----------------------------------------
Action: TurnLeft
Step 113  Score -113.0  IN CAVE
 4 | .  .  .  G 
 3 | .  P  .  . 
 2 | .  P  W  P 
 1 | .  <  .  . 
      1  2  3  4
Percept [Breeze]
Reward -1  (ok)
----------------------------------------
Action: TurnLeft
Step 114  Score -114.0  IN CAVE
 4 | .  .  .  G 
 3 | .  P  .  . 
 2 | .  P  W  P 
 1 | .  v  .  . 
      1  2  3  4
Percept [Breeze]
Reward -1  (ok)
----------------------------------------
Action: TurnLeft
Step 115  Score -115.0  IN CAVE
 4 | .  .  .  G 
 3 | .  P  .  . 
 2 | .  P  W  P 
 1 | .  >  .  . 
      1  2  3  4
Percept [Breeze]
Reward -1  (ok)
----------------------------------------
Action: TurnLeft
Step 116  Score -116.0  IN CAVE
 4 | .  .  .  G 
 3 | .  P  .  . 
 2 | .  P  W  P 
 1 | .  ^  .  . 
      1  2  3  4
Percept [Breeze]
Reward -1  (ok)
----------------------------------------
Action: TurnLeft
Step 117  Score -117.0  IN CAVE
 4 | .  .  .  G 
 3 | .  P  .  . 
 2 | .  P  W  P 
 1 | .  <  .  . 
      1  2  3  4
Percept [Breeze]
Reward -1  (ok)
----------------------------------------
Action: TurnLeft
Step 118  Score -118.0  IN CAVE
 4 | .  .  .  G 
 3 | .  P  .  . 
 2 | .  P  W  P 
 1 | .  v  .  . 
      1  2  3  4
Percept [Breeze]
Reward -1  (ok)
----------------------------------------
Action: TurnLeft
Step 119  Score -119.0  IN CAVE
 4 | .  .  .  G 
 3 | .  P  .  . 
 2 | .  P  W  P 
 1 | .  >  .  . 
      1  2  3  4
Percept [Breeze]
Reward -1  (ok)
----------------------------------------
Action: TurnLeft
Step 120  Score -120.0  IN CAVE
 4 | .  .  .  G 
 3 | .  P  .  . 
 2 | .  P  W  P 
 1 | .  ^  .  . 
      1  2  3  4
Percept [Breeze]
Reward -1  (ok)
----------------------------------------
Action: TurnLeft
Step 121  Score -121.0  IN CAVE
 4 | .  .  .  G 
 3 | .  P  .  . 
 2 | .  P  W  P 
 1 | .  <  .  . 
      1  2  3  4
Percept [Breeze]
Reward -1  (ok)
----------------------------------------
Action: TurnLeft
Step 122  Score -122.0  IN CAVE
 4 | .  .  .  G 
 3 | .  P  .  . 
 2 | .  P  W  P 
 1 | .  v  .  . 
      1  2  3  4
Percept [Breeze]
Reward -1  (ok)
----------------------------------------
Action: TurnLeft
Step 123  Score -123.0  IN CAVE
 4 | .  .  .  G 
 3 | .  P  .  . 
 2 | .  P  W  P 
 1 | .  >  .  . 
      1  2  3  4
Percept [Breeze]
Reward -1  (ok)
----------------------------------------
Action: TurnLeft
Step 124  Score -124.0  IN CAVE
 4 | .  .  .  G 
 3 | .  P  .  . 
 2 | .  P  W  P 
 1 | .  ^  .  . 
      1  2  3  4
Percept [Breeze]
Reward -1  (ok)
----------------------------------------
Action: TurnLeft
Step 125  Score -125.0  IN CAVE
 4 | .  .  .  G 
 3 | .  P  .  . 
 2 | .  P  W  P 
 1 | .  <  .  . 
      1  2  3  4
Percept [Breeze]
Reward -1  (ok)
----------------------------------------
Action: TurnLeft
Step 126  Score -126.0  IN CAVE
 4 | .  .  .  G 
 3 | .  P  .  . 
 2 | .  P  W  P 
 1 | .  v  .  . 
      1  2  3  4
Percept [Breeze]
Reward -1  (ok)
----------------------------------------
Action: TurnLeft
Step 127  Score -127.0  IN CAVE
 4 | .  .  .  G 
 3 | .  P  .  . 
 2 | .  P  W  P 
 1 | .  >  .  . 
      1  2  3  4
Percept [Breeze]
Reward -1  (ok)
----------------------------------------
Action: TurnLeft
Step 128  Score -128.0  IN CAVE
 4 | .  .  .  G 
 3 | .  P  .  . 
 2 | .  P  W  P 
 1 | .  ^  .  . 
      1  2  3  4
Percept [Breeze]
Reward -1  (ok)
----------------------------------------
Action: TurnLeft
Step 129  Score -129.0  IN CAVE
 4 | .  .  .  G 
 3 | .  P  .  . 
 2 | .  P  W  P 
 1 | .  <  .  . 
      1  2  3  4
Percept [Breeze]
Reward -1  (ok)
----------------------------------------
Action: TurnLeft
Step 130  Score -130.0  IN CAVE
 4 | .  .  .  G 
 3 | .  P  .  . 
 2 | .  P  W  P 
 1 | .  v  .  . 
      1  2  3  4
Percept [Breeze]
Reward -1  (ok)
----------------------------------------
Action: TurnLeft
Step 131  Score -131.0  IN CAVE
 4 | .  .  .  G 
 3 | .  P  .  . 
 2 | .  P  W  P 
 1 | .  >  .  . 
      1  2  3  4
Percept [Breeze]
Reward -1  (ok)
----------------------------------------
Action: TurnLeft
Step 132  Score -132.0  IN CAVE
 4 | .  .  .  G 
 3 | .  P  .  . 
 2 | .  P  W  P 
 1 | .  ^  .  . 
      1  2  3  4
Percept [Breeze]
Reward -1  (ok)
----------------------------------------
Action: TurnLeft
Step 133  Score -133.0  IN CAVE
 4 | .  .  .  G 
 3 | .  P  .  . 
 2 | .  P  W  P 
 1 | .  <  .  . 
      1  2  3  4
Percept [Breeze]
Reward -1  (ok)
----------------------------------------
Action: TurnLeft
Step 134  Score -134.0  IN CAVE
 4 | .  .  .  G 
 3 | .  P  .  . 
 2 | .  P  W  P 
 1 | .  v  .  . 
      1  2  3  4
Percept [Breeze]
Reward -1  (ok)
----------------------------------------
Action: TurnLeft
Step 135  Score -135.0  IN CAVE
 4 | .  .  .  G 
 3 | .  P  .  . 
 2 | .  P  W  P 
 1 | .  >  .  . 
      1  2  3  4
Percept [Breeze]
Reward -1  (ok)
----------------------------------------
Action: TurnLeft
Step 136  Score -136.0  IN CAVE
 4 | .  .  .  G 
 3 | .  P  .  . 
 2 | .  P  W  P 
 1 | .  ^  .  . 
      1  2  3  4
Percept [Breeze]
Reward -1  (ok)
----------------------------------------
Action: TurnLeft
Step 137  Score -137.0  IN CAVE
 4 | .  .  .  G 
 3 | .  P  .  . 
 2 | .  P  W  P 
 1 | .  <  .  . 
      1  2  3  4
Percept [Breeze]
Reward -1  (ok)
----------------------------------------
Action: TurnLeft
Step 138  Score -138.0  IN CAVE
 4 | .  .  .  G 
 3 | .  P  .  . 
 2 | .  P  W  P 
 1 | .  v  .  . 
      1  2  3  4
Percept [Breeze]
Reward -1  (ok)
----------------------------------------
Action: TurnLeft
Step 139  Score -139.0  IN CAVE
 4 | .  .  .  G 
 3 | .  P  .  . 
 2 | .  P  W  P 
 1 | .  >  .  . 
      1  2  3  4
Percept [Breeze]
Reward -1  (ok)
----------------------------------------
Action: TurnLeft
Step 140  Score -140.0  IN CAVE
 4 | .  .  .  G 
 3 | .  P  .  . 
 2 | .  P  W  P 
 1 | .  ^  .  . 
      1  2  3  4
Percept [Breeze]
Reward -1  (ok)
----------------------------------------
Action: TurnLeft
Step 141  Score -141.0  IN CAVE
 4 | .  .  .  G 
 3 | .  P  .  . 
 2 | .  P  W  P 
 1 | .  <  .  . 
      1  2  3  4
Percept [Breeze]
Reward -1  (ok)
----------------------------------------
Action: TurnLeft
Step 142  Score -142.0  IN CAVE
 4 | .  .  .  G 
 3 | .  P  .  . 
 2 | .  P  W  P 
 1 | .  v  .  . 
      1  2  3  4
Percept [Breeze]
Reward -1  (ok)
----------------------------------------
Action: TurnLeft
Step 143  Score -143.0  IN CAVE
 4 | .  .  .  G 
 3 | .  P  .  . 
 2 | .  P  W  P 
 1 | .  >  .  . 
      1  2  3  4
Percept [Breeze]
Reward -1  (ok)
----------------------------------------
Action: TurnLeft
Step 144  Score -144.0  IN CAVE
 4 | .  .  .  G 
 3 | .  P  .  . 
 2 | .  P  W  P 
 1 | .  ^  .  . 
      1  2  3  4
Percept [Breeze]
Reward -1  (ok)
----------------------------------------
Action: TurnLeft
Step 145  Score -145.0  IN CAVE
 4 | .  .  .  G 
 3 | .  P  .  . 
 2 | .  P  W  P 
 1 | .  <  .  . 
      1  2  3  4
Percept [Breeze]
Reward -1  (ok)
----------------------------------------
Action: TurnLeft
Step 146  Score -146.0  IN CAVE
 4 | .  .  .  G 
 3 | .  P  .  . 
 2 | .  P  W  P 
 1 | .  v  .  . 
      1  2  3  4
Percept [Breeze]
Reward -1  (ok)
----------------------------------------
Action: TurnLeft
Step 147  Score -147.0  IN CAVE
 4 | .  .  .  G 
 3 | .  P  .  . 
 2 | .  P  W  P 
 1 | .  >  .  . 
      1  2  3  4
Percept [Breeze]
Reward -1  (ok)
----------------------------------------
Action: TurnLeft
Step 148  Score -148.0  IN CAVE
 4 | .  .  .  G 
 3 | .  P  .  . 
 2 | .  P  W  P 
 1 | .  ^  .  . 
      1  2  3  4
Percept [Breeze]
Reward -1  (ok)
----------------------------------------
Action: TurnLeft
Step 149  Score -149.0  IN CAVE
 4 | .  .  .  G 
 3 | .  P  .  . 
 2 | .  P  W  P 
 1 | .  <  .  . 
      1  2  3  4
Percept [Breeze]
Reward -1  (ok)
----------------------------------------
Action: TurnLeft
Step 150  Score -150.0  IN CAVE
 4 | .  .  .  G 
 3 | .  P  .  . 
 2 | .  P  W  P 
 1 | .  v  .  . 
      1  2  3  4
Percept [Breeze]
Reward -1  (ok)
----------------------------------------
Action: TurnLeft
Step 151  Score -151.0  IN CAVE
 4 | .  .  .  G 
 3 | .  P  .  . 
 2 | .  P  W  P 
 1 | .  >  .  . 
      1  2  3  4
Percept [Breeze]
Reward -1  (ok)
----------------------------------------
Action: TurnLeft
Step 152  Score -152.0  IN CAVE
 4 | .  .  .  G 
 3 | .  P  .  . 
 2 | .  P  W  P 
 1 | .  ^  .  . 
      1  2  3  4
Percept [Breeze]
Reward -1  (ok)
----------------------------------------
Action: TurnLeft
Step 153  Score -153.0  IN CAVE
 4 | .  .  .  G 
 3 | .  P  .  . 
 2 | .  P  W  P 
 1 | .  <  .  . 
      1  2  3  4
Percept [Breeze]
Reward -1  (ok)
----------------------------------------
Action: TurnLeft
Step 154  Score -154.0  IN CAVE
 4 | .  .  .  G 
 3 | .  P  .  . 
 2 | .  P  W  P 
 1 | .  v  .  . 
      1  2  3  4
Percept [Breeze]
Reward -1  (ok)
----------------------------------------
Action: TurnLeft
Step 155  Score -155.0  IN CAVE
 4 | .  .  .  G 
 3 | .  P  .  . 
 2 | .  P  W  P 
 1 | .  >  .  . 
      1  2  3  4
Percept [Breeze]
Reward -1  (ok)
----------------------------------------
Action: TurnLeft
Step 156  Score -156.0  IN CAVE
 4 | .  .  .  G 
 3 | .  P  .  . 
 2 | .  P  W  P 
 1 | .  ^  .  . 
      1  2  3  4
Percept [Breeze]
Reward -1  (ok)
----------------------------------------
Action: TurnLeft
Step 157  Score -157.0  IN CAVE
 4 | .  .  .  G 
 3 | .  P  .  . 
 2 | .  P  W  P 
 1 | .  <  .  . 
      1  2  3  4
Percept [Breeze]
Reward -1  (ok)
----------------------------------------
Action: TurnLeft
Step 158  Score -158.0  IN CAVE
 4 | .  .  .  G 
 3 | .  P  .  . 
 2 | .  P  W  P 
 1 | .  v  .  . 
      1  2  3  4
Percept [Breeze]
Reward -1  (ok)
----------------------------------------
Action: TurnLeft
Step 159  Score -159.0  IN CAVE
 4 | .  .  .  G 
 3 | .  P  .  . 
 2 | .  P  W  P 
 1 | .  >  .  . 
      1  2  3  4
Percept [Breeze]
Reward -1  (ok)
----------------------------------------
Action: TurnLeft
Step 160  Score -160.0  IN CAVE
 4 | .  .  .  G 
 3 | .  P  .  . 
 2 | .  P  W  P 
 1 | .  ^  .  . 
      1  2  3  4
Percept [Breeze]
Reward -1  (ok)
----------------------------------------
Action: TurnLeft
Step 161  Score -161.0  IN CAVE
 4 | .  .  .  G 
 3 | .  P  .  . 
 2 | .  P  W  P 
 1 | .  <  .  . 
      1  2  3  4
Percept [Breeze]
Reward -1  (ok)
----------------------------------------
Action: TurnLeft
Step 162  Score -162.0  IN CAVE
 4 | .  .  .  G 
 3 | .  P  .  . 
 2 | .  P  W  P 
 1 | .  v  .  . 
      1  2  3  4
Percept [Breeze]
Reward -1  (ok)
----------------------------------------
Action: TurnLeft
Step 163  Score -163.0  IN CAVE
 4 | .  .  .  G 
 3 | .  P  .  . 
 2 | .  P  W  P 
 1 | .  >  .  . 
      1  2  3  4
Percept [Breeze]
Reward -1  (ok)
----------------------------------------
Action: TurnLeft
Step 164  Score -164.0  IN CAVE
 4 | .  .  .  G 
 3 | .  P  .  . 
 2 | .  P  W  P 
 1 | .  ^  .  . 
      1  2  3  4
Percept [Breeze]
Reward -1  (ok)
----------------------------------------
Action: TurnLeft
Step 165  Score -165.0  IN CAVE
 4 | .  .  .  G 
 3 | .  P  .  . 
 2 | .  P  W  P 
 1 | .  <  .  . 
      1  2  3  4
Percept [Breeze]
Reward -1  (ok)
----------------------------------------
Action: TurnLeft
Step 166  Score -166.0  IN CAVE
 4 | .  .  .  G 
 3 | .  P  .  . 
 2 | .  P  W  P 
 1 | .  v  .  . 
      1  2  3  4
Percept [Breeze]
Reward -1  (ok)
----------------------------------------
Action: TurnLeft
Step 167  Score -167.0  IN CAVE
 4 | .  .  .  G 
 3 | .  P  .  . 
 2 | .  P  W  P 
 1 | .  >  .  . 
      1  2  3  4
Percept [Breeze]
Reward -1  (ok)
----------------------------------------
Action: TurnLeft
Step 168  Score -168.0  IN CAVE
 4 | .  .  .  G 
 3 | .  P  .  . 
 2 | .  P  W  P 
 1 | .  ^  .  . 
      1  2  3  4
Percept [Breeze]
Reward -1  (ok)
----------------------------------------
Action: TurnLeft
Step 169  Score -169.0  IN CAVE
 4 | .  .  .  G 
 3 | .  P  .  . 
 2 | .  P  W  P 
 1 | .  <  .  . 
      1  2  3  4
Percept [Breeze]
Reward -1  (ok)
----------------------------------------
Action: TurnLeft
Step 170  Score -170.0  IN CAVE
 4 | .  .  .  G 
 3 | .  P  .  . 
 2 | .  P  W  P 
 1 | .  v  .  . 
      1  2  3  4
Percept [Breeze]
Reward -1  (ok)
----------------------------------------
Action: TurnLeft
Step 171  Score -171.0  IN CAVE
 4 | .  .  .  G 
 3 | .  P  .  . 
 2 | .  P  W  P 
 1 | .  >  .  . 
      1  2  3  4
Percept [Breeze]
Reward -1  (ok)
----------------------------------------
Action: TurnLeft
Step 172  Score -172.0  IN CAVE
 4 | .  .  .  G 
 3 | .  P  .  . 
 2 | .  P  W  P 
 1 | .  ^  .  . 
      1  2  3  4
Percept [Breeze]
Reward -1  (ok)
----------------------------------------
Action: TurnLeft
Step 173  Score -173.0  IN CAVE
 4 | .  .  .  G 
 3 | .  P  .  . 
 2 | .  P  W  P 
 1 | .  <  .  . 
      1  2  3  4
Percept [Breeze]
Reward -1  (ok)
----------------------------------------
Action: TurnLeft
Step 174  Score -174.0  IN CAVE
 4 | .  .  .  G 
 3 | .  P  .  . 
 2 | .  P  W  P 
 1 | .  v  .  . 
      1  2  3  4
Percept [Breeze]
Reward -1  (ok)
----------------------------------------
Action: TurnLeft
Step 175  Score -175.0  IN CAVE
 4 | .  .  .  G 
 3 | .  P  .  . 
 2 | .  P  W  P 
 1 | .  >  .  . 
      1  2  3  4
Percept [Breeze]
Reward -1  (ok)
----------------------------------------
Action: TurnLeft
Step 176  Score -176.0  IN CAVE
 4 | .  .  .  G 
 3 | .  P  .  . 
 2 | .  P  W  P 
 1 | .  ^  .  . 
      1  2  3  4
Percept [Breeze]
Reward -1  (ok)
----------------------------------------
Action: TurnLeft
Step 177  Score -177.0  IN CAVE
 4 | .  .  .  G 
 3 | .  P  .  . 
 2 | .  P  W  P 
 1 | .  <  .  . 
      1  2  3  4
Percept [Breeze]
Reward -1  (ok)
----------------------------------------
Action: TurnLeft
Step 178  Score -178.0  IN CAVE
 4 | .  .  .  G 
 3 | .  P  .  . 
 2 | .  P  W  P 
 1 | .  v  .  . 
      1  2  3  4
Percept [Breeze]
Reward -1  (ok)
----------------------------------------
Action: TurnLeft
Step 179  Score -179.0  IN CAVE
 4 | .  .  .  G 
 3 | .  P  .  . 
 2 | .  P  W  P 
 1 | .  >  .  . 
      1  2  3  4
Percept [Breeze]
Reward -1  (ok)
----------------------------------------
Action: TurnLeft
Step 180  Score -180.0  IN CAVE
 4 | .  .  .  G 
 3 | .  P  .  . 
 2 | .  P  W  P 
 1 | .  ^  .  . 
      1  2  3  4
Percept [Breeze]
Reward -1  (ok)
----------------------------------------
Action: TurnLeft
Step 181  Score -181.0  IN CAVE
 4 | .  .  .  G 
 3 | .  P  .  . 
 2 | .  P  W  P 
 1 | .  <  .  . 
      1  2  3  4
Percept [Breeze]
Reward -1  (ok)
----------------------------------------
Action: TurnLeft
Step 182  Score -182.0  IN CAVE
 4 | .  .  .  G 
 3 | .  P  .  . 
 2 | .  P  W  P 
 1 | .  v  .  . 
      1  2  3  4
Percept [Breeze]
Reward -1  (ok)
----------------------------------------
Action: TurnLeft
Step 183  Score -183.0  IN CAVE
 4 | .  .  .  G 
 3 | .  P  .  . 
 2 | .  P  W  P 
 1 | .  >  .  . 
      1  2  3  4
Percept [Breeze]
Reward -1  (ok)
----------------------------------------
Action: TurnLeft
Step 184  Score -184.0  IN CAVE
 4 | .  .  .  G 
 3 | .  P  .  . 
 2 | .  P  W  P 
 1 | .  ^  .  . 
      1  2  3  4
Percept [Breeze]
Reward -1  (ok)
----------------------------------------
Action: TurnLeft
Step 185  Score -185.0  IN CAVE
 4 | .  .  .  G 
 3 | .  P  .  . 
 2 | .  P  W  P 
 1 | .  <  .  . 
      1  2  3  4
Percept [Breeze]
Reward -1  (ok)
----------------------------------------
Action: TurnLeft
Step 186  Score -186.0  IN CAVE
 4 | .  .  .  G 
 3 | .  P  .  . 
 2 | .  P  W  P 
 1 | .  v  .  . 
      1  2  3  4
Percept [Breeze]
Reward -1  (ok)
----------------------------------------
Action: TurnLeft
Step 187  Score -187.0  IN CAVE
 4 | .  .  .  G 
 3 | .  P  .  . 
 2 | .  P  W  P 
 1 | .  >  .  . 
      1  2  3  4
Percept [Breeze]
Reward -1  (ok)
----------------------------------------
Action: TurnLeft
Step 188  Score -188.0  IN CAVE
 4 | .  .  .  G 
 3 | .  P  .  . 
 2 | .  P  W  P 
 1 | .  ^  .  . 
      1  2  3  4
Percept [Breeze]
Reward -1  (ok)
----------------------------------------
Action: TurnLeft
Step 189  Score -189.0  IN CAVE
 4 | .  .  .  G 
 3 | .  P  .  . 
 2 | .  P  W  P 
 1 | .  <  .  . 
      1  2  3  4
Percept [Breeze]
Reward -1  (ok)
----------------------------------------
Action: TurnLeft
Step 190  Score -190.0  IN CAVE
 4 | .  .  .  G 
 3 | .  P  .  . 
 2 | .  P  W  P 
 1 | .  v  .  . 
      1  2  3  4
Percept [Breeze]
Reward -1  (ok)
----------------------------------------
Action: TurnLeft
Step 191  Score -191.0  IN CAVE
 4 | .  .  .  G 
 3 | .  P  .  . 
 2 | .  P  W  P 
 1 | .  >  .  . 
      1  2  3  4
Percept [Breeze]
Reward -1  (ok)
----------------------------------------
Action: TurnLeft
Step 192  Score -192.0  IN CAVE
 4 | .  .  .  G 
 3 | .  P  .  . 
 2 | .  P  W  P 
 1 | .  ^  .  . 
      1  2  3  4
Percept [Breeze]
Reward -1  (ok)
----------------------------------------
Action: TurnLeft
Step 193  Score -193.0  IN CAVE
 4 | .  .  .  G 
 3 | .  P  .  . 
 2 | .  P  W  P 
 1 | .  <  .  . 
      1  2  3  4
Percept [Breeze]
Reward -1  (ok)
----------------------------------------
Action: TurnLeft
Step 194  Score -194.0  IN CAVE
 4 | .  .  .  G 
 3 | .  P  .  . 
 2 | .  P  W  P 
 1 | .  v  .  . 
      1  2  3  4
Percept [Breeze]
Reward -1  (ok)
----------------------------------------
Action: TurnLeft
Step 195  Score -195.0  IN CAVE
 4 | .  .  .  G 
 3 | .  P  .  . 
 2 | .  P  W  P 
 1 | .  >  .  . 
      1  2  3  4
Percept [Breeze]
Reward -1  (ok)
----------------------------------------
Action: TurnLeft
Step 196  Score -196.0  IN CAVE
 4 | .  .  .  G 
 3 | .  P  .  . 
 2 | .  P  W  P 
 1 | .  ^  .  . 
      1  2  3  4
Percept [Breeze]
Reward -1  (ok)
----------------------------------------
Action: TurnLeft
Step 197  Score -197.0  IN CAVE
 4 | .  .  .  G 
 3 | .  P  .  . 
 2 | .  P  W  P 
 1 | .  <  .  . 
      1  2  3  4
Percept [Breeze]
Reward -1  (ok)
----------------------------------------
Action: TurnLeft
Step 198  Score -198.0  IN CAVE
 4 | .  .  .  G 
 3 | .  P  .  . 
 2 | .  P  W  P 
 1 | .  v  .  . 
      1  2  3  4
Percept [Breeze]
Reward -1  (ok)
----------------------------------------
Action: TurnLeft
Step 199  Score -199.0  IN CAVE
 4 | .  .  .  G 
 3 | .  P  .  . 
 2 | .  P  W  P 
 1 | .  >  .  . 
      1  2  3  4
Percept [Breeze]
Reward -1  (ok)
----------------------------------------
Action: TurnLeft
Step 200  Score -200.0  IN CAVE
 4 | .  .  .  G 
 3 | .  P  .  . 
 2 | .  P  W  P 
 1 | .  ^  .  . 
      1  2  3  4
Percept [Breeze]
Reward -1  (max_steps)
----------------------------------------
Result: stopped without gold  steps=200  score=-200.0
