Step 0  Score 0  IN CAVE
 4 | .  .  .  G 
 3 | .  P  .  . 
 2 | .  P  W  P 
 1 | >  .  .  . 
      1  2  3  4
Percept [None]
Agent: utility-based
----------------------------------------
Action: Forward
Step 1  Score -1.0  IN CAVE
 4 | .  .  .  G 
 3 | .  P  .  . 
 2 | .  P  W  P 
 1 | .  >  .  . 
      1  2  3  4
Percept [Breeze]
Reward -1  (moved)
----------------------------------------
Action: TurnLeft
Step 2  Score -2.0  IN CAVE
 4 | .  .  .  G 
 3 | .  P  .  . 
 2 | .  P  W  P 
 1 | .  ^  .  . 
      1  2  3  4
Percept [Breeze]
Reward -1  (ok)
----------------------------------------
Action: TurnLeft
Step 3  Score -3.0  IN CAVE
 4 | .  .  .  G 
 3 | .  P  .  . 
 2 | .  P  W  P 
 1 | .  <  .  . 
      1  2  3  4
Percept [Breeze]
Reward -1  (ok)
----------------------------------------
Action: Forward
Step 4  Score -4.0  IN CAVE
 4 | .  .  .  G 
 3 | .  P  .  . 
 2 | .  P  W  P 
 1 | <  .  .  . 
      1  2  3  4
Percept [None]
Reward -1  (moved)
----------------------------------------
Action: TurnRight
Step 5  Score -5.0  IN CAVE
 4 | .  .  .  G 
 3 | .  P  .  . 
 2 | .  P  W  P 
 1 | ^  .  .  . 
      1  2  3  4
Percept [None]
Reward -1  (ok)
----------------------------------------
Action: Forward
Step 6  Score -6.0  IN CAVE
 4 | .  .  .  G 
 3 | .  P  .  . 
 2 | ^  P  W  P 
 1 | .  .  .  . 
      1  2  3  4
Percept [Breeze]
Reward -1  (moved)
----------------------------------------
Action: Forward
Step 7  Score -7.0  IN CAVE
 4 | .  .  .  G 
 3 | ^  P  .  . 
 2 | .  P  W  P 
 1 | .  .  .  . 
      1  2  3  4
Percept [Breeze]
Reward -1  (moved)
----------------------------------------
Action: Forward
Step 8  Score -8.0  IN CAVE
 4 | ^  .  .  G 
 3 | .  P  .  . 
 2 | .  P  W  P 
 1 | .  .  .  . 
      1  2  3  4
Percept [None]
Reward -1  (moved)
----------------------------------------
Action: TurnRight
Step 9  Score -9.0  IN CAVE
 4 | >  .  .  G 
 3 | .  P  .  . 
 2 | .  P  W  P 
 1 | .  .  .  . 
      1  2  3  4
Percept [None]
Reward -1  (ok)
----------------------------------------
Action: Forward
Step 10  Score -10.0  IN CAVE
 4 | .  >  .  G 
 3 | .  P  .  . 
 2 | .  P  W  P 
 1 | .  .  .  . 
      1  2  3  4
Percept [Breeze]
Reward -1  (moved)
----------------------------------------
Action: Forward
Step 11  Score -11.0  IN CAVE
 4 | .  .  >  G 
 3 | .  P  .  . 
 2 | .  P  W  P 
 1 | .  .  .  . 
      1  2  3  4
Percept [None]
Reward -1  (moved)
----------------------------------------
Action: Forward
Step 12  Score -12.0  IN CAVE
 4 | .  .  .  > 
 3 | .  P  .  . 
 2 | .  P  W  P 
 1 | .  .  .  . 
      1  2  3  4
Percept [Glitter]
Reward -1  (moved)
----------------------------------------
Action: Grab
Step 13  Score -13.0  IN CAVE
 4 | .  .  .  > 
 3 | .  P  .  . 
 2 | .  P  W  P 
 1 | .  .  .  . 
      1  2  3  4
Percept [None]
Reward -1  (grabbed_gold)
----------------------------------------
Action: TurnLeft
Step 14  Score -14.0  IN CAVE
 4 | .  .  .  ^ 
 3 | .  P  .  . 
 2 | .  P  W  P 
 1 | .  .  .  . 
      1  2  3  4
Percept [None]
Reward -1  (ok)
----------------------------------------
Action: TurnLeft
Step 15  Score -15.0  IN CAVE
 4 | .  .  .  < 
 3 | .  P  .  . 
 2 | .  P  W  P 
 1 | .  .  .  . 
      1  2  3  4
Percept [None]
Reward -1  (ok)
----------------------------------------
Action: Forward
Step 16  Score -16.0  IN CAVE
 4 | .  .  <  . 
 3 | .  P  .  . 
 2 | .  P  W  P 
 1 | .  .  .  . 
      1  2  3  4
Percept [None]
Reward -1  (moved)
----------------------------------------
Action: Forward
Step 17  Score -17.0  IN CAVE
 4 | .  <  .  . 
 3 | .  P  .  . 
 2 | .  P  W  P 
 1 | .  .  .  . 
      1  2  3  4
Percept [Breeze]
Reward -1  (moved)
----------------------------------------
Action: Forward
Step 18  Score -18.0  IN CAVE
 4 | <  .  .  . 
 3 | .  P  .  . 
 2 | .  P  W  P 
 1 | .  .  .  . 
      1  2  3  4
Percept [None]
Reward -1  (moved)
----------------------------------------
Action: TurnLeft
Step 19  Score -19.0  IN CAVE
 4 | v  .  .  . 
 3 | .  P  .  . 
 2 | .  P  W  P 
 1 | .  .  .  . 
      1  2  3  4
Percept [None]
Reward -1  (ok)
----------------------------------------
Action: Forward
Step 20  Score -20.0  IN CAVE
 4 | .  .  .  . 
 3 | v  P  .  . 
 2 | .  P  W  P 
 1 | .  .  .  . 
      1  2  3  4
Percept [Breeze]
Reward -1  (moved)
----------------------------------------
Action: Forward
Step 21  Score -21.0  IN CAVE
 4 | .  .  .  . 
 3 | .  P  .  . 
 2 | v  P  W  P 
 1 | .  .  .  . 
      1  2  3  4
Percept [Breeze]
Reward -1  (moved)
----------------------------------------
Action: Forward
Step 22  Score -22.0  IN CAVE
 4 | .  .  .  . 
 3 | .  P  .  . 
 2 | .  P  W  P 
 1 | v  .  .  . 
      1  2  3  4
Percept [None]
Reward -1  (moved)
----------------------------------------
Action: Climb
Step 23  Score 977.0  CLIMBED
 4 | .  .  .  . 
 3 | .  P  .  . 
 2 | .  P  W  P 
 1 | .  .  .  . 
      1  2  3  4
Percept [None]
Reward +999  (climbed_with_gold)
----------------------------------------
Result: climbed with gold  steps=23  score=977.0
